ANO,VL_EMP
2002,19359441437.9
2003,20263459410.28
2004,21726608097.05
2005,25292069834.95
2006,29018789168.21
2007,32443148300.45
2008,39299362850.28
2009,40263460915.06
2010,46051174100.08
2011,54693566620.55
2012,63172171470.52
2013,71906529761.8
2014,75512924847.61
2015,85119036085.58
2016,88129098217.78
2017,98391669163.23
2018,102986641548.54
2019,108180584581.56
2020,107107557290.39
2021,128891804747.7
2022,116489779176.87
